## SAIA Academic Cloud — Available Models

| Model ID | Name | Ctx | Out | Reasoning | Attach | Category |
|----------|------|-----|-----|-----------|--------|----------|
| saia/deepseek-v4-flash-0731 | DeepSeek V4 Flash 0731 | 1M | 32K | ✅ | — | general |
| saia/glm-5.3-flash | GLM 5.3 Flash | 1M | 32K | ✅ | 🖼 | agentic |
| saia/qwen3.5-397b-a17b | Qwen 3.5 397B A17B | 256K | 32K | ✅ | 🖼 | reasoning |
| saia/qwen3.6-35b-a3b | Qwen 3.6 35B A3B | 262K | 16K | ✅ | 🖼 | agentic |
| saia/qwen3.8-27b | Qwen 3.8 27B | 262K | 32K | ✅ | — | reasoning |
| saia/qwen3-coder-next | Qwen 3 Coder Next | 256K | 16K | — | — | coder |
| saia/devstral-2-123b-instruct-2512 | DevStral 2 123B | 256K | 16K | — | — | agentic |
| saia/mistral-medium-3.5-128b | Mistral Medium 3.5 128B | 256K | 8K | — | — | agentic |
| saia/openai-gpt-oss-120b | GPT-OSS 120B | 128K | 8K | ✅ | — | large-context |
| saia/qwen3-omni-30b-a3b-instruct | Qwen 3 Omni 30B | 256K | 4K | — | 🖼 | vision |
| saia/gemma-4-31b-it | Gemma 4 31B | 256K | 8K | — | 🖼 | general |
| saia/qwen3-30b-a3b-instruct-2507 | Qwen 3 30B A3B | 256K | 16K | — | — | general |
| saia/apertus-70b-instruct-2509 | Apertus 70B | 65K | 8K | — | — | general |
| saia/meta-llama-3.1-8b-instruct | Llama 3.1 8B | 128K | 4K | — | — | general |

### Quick Switch

```bash
# Best for agentic coding
  /model saia/glm-5.3-flash

# Flagship reasoning (long context)
  /model saia/qwen3.5-397b-a17b

# Code-specialized
  /model saia/qwen3-coder-next

# Fast & lightweight
  /model saia/deepseek-v4-flash-0731

# Vision (image input)
  /model saia/qwen3.6-35b-a3b

# Budget (cheapest)
  /model saia/meta-llama-3.1-8b-instruct
```

### Rate Limits

SAIA enforces: **30 req/min · 200/hour · 1,000/day · 3,000/month**
Check remaining quota at [SAIA dashboard](https://chat-ai.academiccloud.de).

### API Key

Set via environment variable:
  export SAIA_API_KEY="your-key"

Or add to auth.json (saia key), or use /login.
